%!Adobe-FontList 1.16
%Locale:0x409

%BeginFont
Handler:DirectoryHandler
FontType:TrueType
FontName:ArialMT
FamilyName:Arial
StyleName:Regular
MenuName:Arial
StyleBits:0
WeightClass:400
WidthClass:5
AngleClass:0
FullName:Arial
WritingScript:Roman
OutlineFileName:\Arial.ttf
DataFormat:sfntData
FileLength:774476
FileModTime:1274711757
NameArray:0,Mac,4,Arial
NameArray:0,Win,1,Arial
%EndFont

%BeginFont
Handler:DirectoryHandler
FontType:TrueType
FontName:DroidSans-Bold
FamilyName:Droid Sans
StyleName:Bold
MenuName:Droid Sans
StyleBits:2
WeightClass:700
WidthClass:5
AngleClass:0
FullName:Droid Sans Bold
WritingScript:Roman
OutlineFileName:\DroidSans-Bold.ttf
DataFormat:sfntData
FileLength:42480
FileModTime:1374669842
NameArray:0,Mac,18,Droid Sans Bold
NameArray:0,Mac,4,Droid Sans Bold
NameArray:0,Win,1,Droid Sans
%EndFont

%BeginFont
Handler:DirectoryHandler
FontType:TrueType
FontName:DroidSans
FamilyName:Droid Sans
StyleName:Regular
MenuName:Droid Sans
StyleBits:0
WeightClass:400
WidthClass:5
AngleClass:0
FullName:Droid Sans
WritingScript:Roman
OutlineFileName:\DroidSans.ttf
DataFormat:sfntData
FileLength:41028
FileModTime:1374669842
NameArray:0,Mac,18,Droid Sans
NameArray:0,Mac,4,Droid Sans
NameArray:0,Win,1,Droid Sans
%EndFont

%BeginFont
Handler:DirectoryHandler
FontType:Suitcase
FontName:FuturaBT-ExtraBlack
OutlineFileName:\FuturaBT
ResourceID:12814
MacStyle:0
FileLength:199242
FileModTime:1066807884
%EndFont

%BeginFont
Handler:DirectoryHandler
FontType:Suitcase
FontName:FuturaBT-ExtraBlackCondensed
OutlineFileName:\FuturaBT
ResourceID:12816
MacStyle:0
FileLength:199242
FileModTime:1066807884
%EndFont

%BeginFont
Handler:DirectoryHandler
FontType:Suitcase
FontName:FuturaBT-ExtraBlackCondItalic
OutlineFileName:\FuturaBT
ResourceID:12817
MacStyle:0
FileLength:199242
FileModTime:1066807884
%EndFont

%BeginFont
Handler:DirectoryHandler
FontType:Suitcase
FontName:FuturaBT-ExtraBlackItalic
OutlineFileName:\FuturaBT
ResourceID:12818
MacStyle:0
FileLength:199242
FileModTime:1066807884
%EndFont

%BeginFont
Handler:DirectoryHandler
FontType:Suitcase
FontName:FuturaBT-MediumCondensed
OutlineFileName:\FuturaBT
ResourceID:12815
MacStyle:0
FileLength:199242
FileModTime:1066807884
%EndFont

%BeginFont
Handler:DirectoryHandler
FontType:Suitcase
FontName:FuturaBT-LightItalic
OutlineFileName:\FuturaBT
ResourceID:3465
MacStyle:0
FileLength:199242
FileModTime:1066807884
%EndFont

%BeginFont
Handler:DirectoryHandler
FontType:Suitcase
FontName:FuturaBT-LightItalic
OutlineFileName:\FuturaBT
ResourceID:3465
MacStyle:2
FileLength:199242
FileModTime:1066807884
%EndFont

%BeginFont
Handler:DirectoryHandler
FontType:Suitcase
FontName:FuturaBT-LightCondensed
OutlineFileName:\FuturaBT
ResourceID:15386
MacStyle:0
FileLength:199242
FileModTime:1066807884
%EndFont

%BeginFont
Handler:DirectoryHandler
FontType:Suitcase
FontName:FuturaBT-Light
OutlineFileName:\FuturaBT
ResourceID:15384
MacStyle:0
FileLength:199242
FileModTime:1066807884
%EndFont

%BeginFont
Handler:DirectoryHandler
FontType:Suitcase
FontName:FuturaBT-LightItalic
OutlineFileName:\FuturaBT
ResourceID:15384
MacStyle:2
FileLength:199242
FileModTime:1066807884
%EndFont

%BeginFont
Handler:DirectoryHandler
FontType:Suitcase
FontName:FuturaBT-HeavyItalic
OutlineFileName:\FuturaBT
ResourceID:3467
MacStyle:0
FileLength:199242
FileModTime:1066807884
%EndFont

%BeginFont
Handler:DirectoryHandler
FontType:Suitcase
FontName:FuturaBT-HeavyItalic
OutlineFileName:\FuturaBT
ResourceID:3467
MacStyle:2
FileLength:199242
FileModTime:1066807884
%EndFont

%BeginFont
Handler:DirectoryHandler
FontType:Suitcase
FontName:FuturaBT-Heavy
OutlineFileName:\FuturaBT
ResourceID:15385
MacStyle:0
FileLength:199242
FileModTime:1066807884
%EndFont

%BeginFont
Handler:DirectoryHandler
FontType:Suitcase
FontName:FuturaBT-HeavyItalic
OutlineFileName:\FuturaBT
ResourceID:15385
MacStyle:2
FileLength:199242
FileModTime:1066807884
%EndFont

%BeginFont
Handler:DirectoryHandler
FontType:Suitcase
FontName:FuturaBT-BookItalic
OutlineFileName:\FuturaBT
ResourceID:3466
MacStyle:0
FileLength:199242
FileModTime:1066807884
%EndFont

%BeginFont
Handler:DirectoryHandler
FontType:Suitcase
FontName:FuturaBT-BookItalic
OutlineFileName:\FuturaBT
ResourceID:3466
MacStyle:2
FileLength:199242
FileModTime:1066807884
%EndFont

%BeginFont
Handler:DirectoryHandler
FontType:Suitcase
FontName:FuturaBT-Book
OutlineFileName:\FuturaBT
ResourceID:12813
MacStyle:0
FileLength:199242
FileModTime:1066807884
%EndFont

%BeginFont
Handler:DirectoryHandler
FontType:Suitcase
FontName:FuturaBT-BookItalic
OutlineFileName:\FuturaBT
ResourceID:12813
MacStyle:2
FileLength:199242
FileModTime:1066807884
%EndFont

%BeginFont
Handler:DirectoryHandler
FontType:Suitcase
FontName:FuturaBT-BoldItalic
OutlineFileName:\FuturaBT
ResourceID:3464
MacStyle:0
FileLength:199242
FileModTime:1066807884
%EndFont

%BeginFont
Handler:DirectoryHandler
FontType:Suitcase
FontName:FuturaBT-BoldItalic
OutlineFileName:\FuturaBT
ResourceID:3464
MacStyle:1
FileLength:199242
FileModTime:1066807884
%EndFont

%BeginFont
Handler:DirectoryHandler
FontType:Suitcase
FontName:FuturaBT-BoldItalic
OutlineFileName:\FuturaBT
ResourceID:3464
MacStyle:2
FileLength:199242
FileModTime:1066807884
%EndFont

%BeginFont
Handler:DirectoryHandler
FontType:Suitcase
FontName:FuturaBT-BoldItalic
OutlineFileName:\FuturaBT
ResourceID:3464
MacStyle:3
FileLength:199242
FileModTime:1066807884
%EndFont

%BeginFont
Handler:DirectoryHandler
FontType:Suitcase
FontName:FuturaBT-MediumItalic
OutlineFileName:\FuturaBT
ResourceID:3462
MacStyle:0
FileLength:199242
FileModTime:1066807884
%EndFont

%BeginFont
Handler:DirectoryHandler
FontType:Suitcase
FontName:FuturaBT-BoldItalic
OutlineFileName:\FuturaBT
ResourceID:3462
MacStyle:1
FileLength:199242
FileModTime:1066807884
%EndFont

%BeginFont
Handler:DirectoryHandler
FontType:Suitcase
FontName:FuturaBT-MediumItalic
OutlineFileName:\FuturaBT
ResourceID:3462
MacStyle:2
FileLength:199242
FileModTime:1066807884
%EndFont

%BeginFont
Handler:DirectoryHandler
FontType:Suitcase
FontName:FuturaBT-BoldItalic
OutlineFileName:\FuturaBT
ResourceID:3462
MacStyle:3
FileLength:199242
FileModTime:1066807884
%EndFont

%BeginFont
Handler:DirectoryHandler
FontType:Suitcase
FontName:FuturaBT-BoldCondensedItalic
OutlineFileName:\FuturaBT
ResourceID:3468
MacStyle:0
FileLength:199242
FileModTime:1066807884
%EndFont

%BeginFont
Handler:DirectoryHandler
FontType:Suitcase
FontName:FuturaBT-BoldCondensedItalic
OutlineFileName:\FuturaBT
ResourceID:3468
MacStyle:2
FileLength:199242
FileModTime:1066807884
%EndFont

%BeginFont
Handler:DirectoryHandler
FontType:Suitcase
FontName:FuturaBT-BoldCondensed
OutlineFileName:\FuturaBT
ResourceID:15387
MacStyle:0
FileLength:199242
FileModTime:1066807884
%EndFont

%BeginFont
Handler:DirectoryHandler
FontType:Suitcase
FontName:FuturaBT-BoldCondensedItalic
OutlineFileName:\FuturaBT
ResourceID:15387
MacStyle:2
FileLength:199242
FileModTime:1066807884
%EndFont

%BeginFont
Handler:DirectoryHandler
FontType:Suitcase
FontName:FuturaBT-Bold
OutlineFileName:\FuturaBT
ResourceID:3463
MacStyle:0
FileLength:199242
FileModTime:1066807884
%EndFont

%BeginFont
Handler:DirectoryHandler
FontType:Suitcase
FontName:FuturaBT-Bold
OutlineFileName:\FuturaBT
ResourceID:3463
MacStyle:1
FileLength:199242
FileModTime:1066807884
%EndFont

%BeginFont
Handler:DirectoryHandler
FontType:Suitcase
FontName:FuturaBT-BoldItalic
OutlineFileName:\FuturaBT
ResourceID:3463
MacStyle:2
FileLength:199242
FileModTime:1066807884
%EndFont

%BeginFont
Handler:DirectoryHandler
FontType:Suitcase
FontName:FuturaBT-BoldItalic
OutlineFileName:\FuturaBT
ResourceID:3463
MacStyle:3
FileLength:199242
FileModTime:1066807884
%EndFont

%BeginFont
Handler:DirectoryHandler
FontType:Suitcase
FontName:FuturaBT-Medium
OutlineFileName:\FuturaBT
ResourceID:15981
MacStyle:0
FileLength:199242
FileModTime:1066807884
%EndFont

%BeginFont
Handler:DirectoryHandler
FontType:Suitcase
FontName:FuturaBT-Bold
OutlineFileName:\FuturaBT
ResourceID:15981
MacStyle:1
FileLength:199242
FileModTime:1066807884
%EndFont

%BeginFont
Handler:DirectoryHandler
FontType:Suitcase
FontName:FuturaBT-MediumItalic
OutlineFileName:\FuturaBT
ResourceID:15981
MacStyle:2
FileLength:199242
FileModTime:1066807884
%EndFont

%BeginFont
Handler:DirectoryHandler
FontType:Suitcase
FontName:FuturaBT-BoldItalic
OutlineFileName:\FuturaBT
ResourceID:15981
MacStyle:3
FileLength:199242
FileModTime:1066807884
%EndFont

%BeginFont
Handler:DirectoryHandler
FontType:Type1
FontName:FuturaStd-Book
FamilyName:Futura Std
StyleName:Book
MenuName:Futura Std Book
StyleBits:0
WeightClass:400
WidthClass:5
AngleClass:0
FullName:Futura Std Book
WritingScript:Roman
OutlineFileName:\FuturaStd-Book.otf
DataFormat:sfntData
UsesStandardEncoding:yes
isCFF:yes
FileLength:25708
FileModTime:1052763456
NameArray:0,Mac,4,Futura Std Book
NameArray:0,Win,1,Futura Std Book
NameArray:0,Win,16,Futura Std
%EndFont

%BeginFont
Handler:DirectoryHandler
FontType:Type1
FontName:FuturaBT-Book
FamilyName:Futura BT
StyleName:Book
MenuName:Futura BT Book
StyleBits:0
WeightClass:400
WidthClass:5
AngleClass:0
FullName:Futura BT Book
WritingScript:Roman
OutlineFileName:\FuturBTBoo
DataFormat:POSTResource
UsesStandardEncoding:yes
isCFF:no
FileLength:32625
FileModTime:1076163836
DesignSize:-1
%EndFont

%BeginFont
Handler:DirectoryHandler
FontType:TrueType
FontName:Times-Roman
FamilyName:Times
StyleName:Regular
MenuName:Times
StyleBits:0
WeightClass:400
WidthClass:5
AngleClass:0
FullName:Times Roman
WritingScript:Roman
OutlineFileName:\Times.dfont
DataFormat:sfntResource
ResourceID:13494
FileLength:1743667
FileModTime:1401363966
NameArray:0,Mac,4,Times Roman
%EndFont

%BeginFont
Handler:DirectoryHandler
FontType:TrueType
FontName:Times-Bold
FamilyName:Times
StyleName:Bold
MenuName:Times
StyleBits:2
WeightClass:700
WidthClass:5
AngleClass:0
FullName:Times Bold
WritingScript:Roman
OutlineFileName:\Times.dfont
DataFormat:sfntResource
ResourceID:16697
FileLength:1743667
FileModTime:1401363966
NameArray:0,Mac,4,Times Bold
NameArray:0,Mac,4,Times Gras
NameArray:0,Mac,4,Times Fett
NameArray:0,Mac,4,Times grassetto
NameArray:0,Mac,4,Times vet
NameArray:0,Mac,4,Times Fet
NameArray:0,Mac,4,Times Negrita
NameArray:0,Mac,4,Times Fed
NameArray:0,Mac,4,Times Carregado
NameArray:0,Mac,4,Times Halvfet
NameArray:0,Mac,4,Times lihava
%EndFont

%BeginFont
Handler:DirectoryHandler
FontType:TrueType
FontName:Times-Italic
FamilyName:Times
StyleName:Italic
MenuName:Times
StyleBits:1
WeightClass:400
WidthClass:5
AngleClass:1
FullName:Times Italic
WritingScript:Roman
OutlineFileName:\Times.dfont
DataFormat:sfntResource
ResourceID:21585
FileLength:1743667
FileModTime:1401363966
NameArray:0,Mac,4,Times Italic
NameArray:0,Mac,4,Times Italique
NameArray:0,Mac,4,Times Kursiv
NameArray:0,Mac,4,Times corsivo
NameArray:0,Mac,4,Times cursief
NameArray:0,Mac,4,Times Kursiv
NameArray:0,Mac,4,Times Cursiva
NameArray:0,Mac,4,Times kursiv
NameArray:0,Mac,4,Times Itálico
NameArray:0,Mac,4,Times kursiv
NameArray:0,Mac,4,Times kursiivi
%EndFont

%BeginFont
Handler:DirectoryHandler
FontType:TrueType
FontName:Times-BoldItalic
FamilyName:Times
StyleName:Bold Italic
MenuName:Times
StyleBits:3
WeightClass:700
WidthClass:5
AngleClass:1
FullName:Times Bold Italic
WritingScript:Roman
OutlineFileName:\Times.dfont
DataFormat:sfntResource
ResourceID:22219
FileLength:1743667
FileModTime:1401363966
NameArray:0,Mac,4,Times Bold Italic
NameArray:0,Mac,4,Times Gras italique
NameArray:0,Mac,4,Times Fett Kursiv
NameArray:0,Mac,4,Times grassetto corsivo
NameArray:0,Mac,4,Times vet-cursief
NameArray:0,Mac,4,Times Fet Kursiv
NameArray:0,Mac,4,Times Negrita Cursiva
NameArray:0,Mac,4,Times Fed kursiv
NameArray:0,Mac,4,Times Carregado Itálico
NameArray:0,Mac,4,Times Halvfet kursiv
NameArray:0,Mac,4,Times lihava kursiivi
%EndFont

%BeginFont
Handler:DirectoryHandler
FontType:Suitcase
FontName:Times-Roman
OutlineFileName:\Times.dfont
ResourceID:20
MacStyle:0
FileLength:1743667
FileModTime:1401363966
%EndFont

%BeginFont
Handler:DirectoryHandler
FontType:Suitcase
FontName:Times-Bold
OutlineFileName:\Times.dfont
ResourceID:20
MacStyle:1
FileLength:1743667
FileModTime:1401363966
%EndFont

%BeginFont
Handler:DirectoryHandler
FontType:Suitcase
FontName:Times-Italic
OutlineFileName:\Times.dfont
ResourceID:20
MacStyle:2
FileLength:1743667
FileModTime:1401363966
%EndFont

%BeginFont
Handler:DirectoryHandler
FontType:Suitcase
FontName:Times-BoldItalic
OutlineFileName:\Times.dfont
ResourceID:20
MacStyle:3
FileLength:1743667
FileModTime:1401363966
%EndFont

